---
source: ub_parser/src/lexer.rs
expression: tokens
---
[
    Dot,
    Dot,
]
