---
source: parser/src/lexer.rs
assertion_line: 137
expression: tokens
---
[
    Struct,
    Fn,
    Dot,
    If,
    Else,
    While,
    Loop,
    Semi,
]
