---
source: parser/src/lexer.rs
assertion_line: 119
expression: tokens
---
[
    Dot,
    Dot,
]
