---
source: parser/src/lexer.rs
assertion_line: 125
expression: tokens
---
[
    Ident(
        "hello",
    ),
    Ident(
        "w_world",
    ),
    Ident(
        "b235_",
    ),
]
