---
source: parser/src/parser.rs
expression: r
---
(
    Some(
        File {
            name: "parser__parser__tests",
            items: [
                FnDecl(
                    FnDecl {
                        name: "main",
                        params: [],
                        ret_ty: None,
                        span: 0..20,
                        body: [
                            Expr(
                                Expr {
                                    kind: BinOp(
                                        BinOp {
                                            kind: Add,
                                            lhs: Expr {
                                                kind: Literal(
                                                    Integer(
                                                        1,
                                                        12..13,
                                                    ),
                                                ),
                                                span: 12..13,
                                            },
                                            rhs: Expr {
                                                kind: Literal(
                                                    Integer(
                                                        4,
                                                        16..17,
                                                    ),
                                                ),
                                                span: 16..17,
                                            },
                                            span: 12..17,
                                        },
                                    ),
                                    span: 12..17,
                                },
                            ),
                        ],
                    },
                ),
            ],
        },
    ),
    [],
)
