---
source: parser/src/parser.rs
expression: r
---
(
    Some(
        File {
            name: "parser__parser__tests",
            items: [
                FnDecl(
                    FnDecl {
                        name: "foo",
                        params: [],
                        ret_ty: Some(
                            Ty {
                                span: 12..15,
                                kind: U64,
                            },
                        ),
                        span: 0..39,
                        body: [
                            IfStmt(
                                IfStmt {
                                    cond: Expr {
                                        kind: Name(
                                            "false",
                                        ),
                                        span: 21..26,
                                    },
                                    body: [],
                                    else_part: Some(
                                        Else(
                                            [],
                                            35..37,
                                        ),
                                    ),
                                    span: 18..37,
                                },
                            ),
                        ],
                    },
                ),
            ],
        },
    ),
    [],
)
