---
source: parser/src/lexer.rs
assertion_line: 131
expression: tokens
---
[
    String(
        "\"hello friend\"",
    ),
    Integer(
        "5",
    ),
    String(
        "\"morning\"",
    ),
    Integer(
        "3263475",
    ),
]
