---
source: parser/src/parser.rs
expression: r
---
(
    Some(
        File {
            name: "parser__parser__tests",
            items: [
                FnDecl(
                    FnDecl {
                        name: "foo",
                        params: [],
                        ret_ty: Some(
                            Ty {
                                span: 12..15,
                                kind: U64,
                            },
                        ),
                        span: 0..26,
                        body: [
                            Expr(
                                Expr {
                                    kind: BinOp(
                                        BinOp {
                                            kind: Add,
                                            lhs: Expr {
                                                kind: Literal(
                                                    Integer(
                                                        1,
                                                        18..19,
                                                    ),
                                                ),
                                                span: 18..19,
                                            },
                                            rhs: Expr {
                                                kind: Literal(
                                                    Integer(
                                                        5,
                                                        22..23,
                                                    ),
                                                ),
                                                span: 22..23,
                                            },
                                            span: 18..23,
                                        },
                                    ),
                                    span: 18..23,
                                },
                            ),
                        ],
                    },
                ),
            ],
        },
    ),
    [],
)
