---
source: src/lexer.rs
expression: tokens
---
[
    Ident(
        "hello",
    ),
    Ident(
        "w_world",
    ),
    Ident(
        "b235_",
    ),
]
