---
source: src/lexer.rs
expression: tokens
---
[
    Dot,
    Dot,
]
